---
source: evaluator/src/tests.rs
expression: "format!(\"{}\", evaluator.run().unwrap().1)"
---
VALUES_MAP:
  '1':
    attr1: foobar
  '2':
    attr2: bar
config:
  provider: '1'
  values:
    attr1: foobar
  provider_values:
    attr1: foobar
