Cannot add member 'baz' to schema 'IndexSignature', did you mean '["bar"]'?