1.1754943509999997e-38: A 32-bit floating point number underflow
