---
source: tools/src/LSP/src/completion.rs
expression: "format!(\"{:?}\", labels)"
---
["ab"]
