level0:
  name: apple
  level1_a:
    name: orange
  level1_b:
    name: pineapple
