error[E2G22]: TypeError
 --> ${CWD}/main.k:7:1
  |
7 | foo: Foo = Bar {
  | ^ expected Foo, got Bar
  |