---
source: parser/src/tests/file.rs
assertion_line: 16
expression: "crate::tests::parsing_file_string(\"testdata/if-02.k\")"
---
{
  "filename": "if-02.k",
  "pkg": "__main__",
  "doc": null,
  "name": "__main__",
  "body": [
    {
      "node": {
        "type": "Assign",
        "data": {
          "targets": [
            {
              "node": {
                "names": [
                  {
                    "node": "a",
                    "filename": "if-02.k",
                    "line": 1,
                    "column": 0,
                    "end_line": 1,
                    "end_column": 1
                  }
                ],
                "pkgpath": "",
                "ctx": "Store"
              },
              "filename": "if-02.k",
              "line": 1,
              "column": 0,
              "end_line": 1,
              "end_column": 1
            }
          ],
          "value": {
            "node": {
              "type": "NumberLit",
              "data": {
                "binary_suffix": null,
                "value": {
                  "type": "Int",
                  "data": 1
                }
              }
            },
            "filename": "if-02.k",
            "line": 1,
            "column": 4,
            "end_line": 1,
            "end_column": 5
          },
          "ty": null
        }
      },
      "filename": "if-02.k",
      "line": 1,
      "column": 0,
      "end_line": 1,
      "end_column": 5
    },
    {
      "node": {
        "type": "If",
        "data": {
          "body": [
            {
              "node": {
                "type": "Assign",
                "data": {
                  "targets": [
                    {
                      "node": {
                        "names": [
                          {
                            "node": "bbb",
                            "filename": "if-02.k",
                            "line": 4,
                            "column": 4,
                            "end_line": 4,
                            "end_column": 7
                          }
                        ],
                        "pkgpath": "",
                        "ctx": "Store"
                      },
                      "filename": "if-02.k",
                      "line": 4,
                      "column": 4,
                      "end_line": 4,
                      "end_column": 7
                    }
                  ],
                  "value": {
                    "node": {
                      "type": "NumberLit",
                      "data": {
                        "binary_suffix": null,
                        "value": {
                          "type": "Int",
                          "data": 2
                        }
                      }
                    },
                    "filename": "if-02.k",
                    "line": 4,
                    "column": 10,
                    "end_line": 4,
                    "end_column": 11
                  },
                  "ty": null
                }
              },
              "filename": "if-02.k",
              "line": 4,
              "column": 4,
              "end_line": 4,
              "end_column": 11
            }
          ],
          "cond": {
            "node": {
              "type": "Identifier",
              "data": {
                "names": [
                  {
                    "node": "a",
                    "filename": "if-02.k",
                    "line": 3,
                    "column": 3,
                    "end_line": 3,
                    "end_column": 4
                  }
                ],
                "pkgpath": "",
                "ctx": "Load"
              }
            },
            "filename": "if-02.k",
            "line": 3,
            "column": 3,
            "end_line": 3,
            "end_column": 4
          },
          "orelse": [
            {
              "node": {
                "type": "If",
                "data": {
                  "body": [
                    {
                      "node": {
                        "type": "Assign",
                        "data": {
                          "targets": [
                            {
                              "node": {
                                "names": [
                                  {
                                    "node": "ccc",
                                    "filename": "if-02.k",
                                    "line": 6,
                                    "column": 4,
                                    "end_line": 6,
                                    "end_column": 7
                                  }
                                ],
                                "pkgpath": "",
                                "ctx": "Store"
                              },
                              "filename": "if-02.k",
                              "line": 6,
                              "column": 4,
                              "end_line": 6,
                              "end_column": 7
                            }
                          ],
                          "value": {
                            "node": {
                              "type": "NumberLit",
                              "data": {
                                "binary_suffix": null,
                                "value": {
                                  "type": "Int",
                                  "data": 3
                                }
                              }
                            },
                            "filename": "if-02.k",
                            "line": 6,
                            "column": 10,
                            "end_line": 6,
                            "end_column": 11
                          },
                          "ty": null
                        }
                      },
                      "filename": "if-02.k",
                      "line": 6,
                      "column": 4,
                      "end_line": 6,
                      "end_column": 11
                    }
                  ],
                  "cond": {
                    "node": {
                      "type": "Binary",
                      "data": {
                        "left": {
                          "node": {
                            "type": "Identifier",
                            "data": {
                              "names": [
                                {
                                  "node": "a",
                                  "filename": "if-02.k",
                                  "line": 5,
                                  "column": 5,
                                  "end_line": 5,
                                  "end_column": 6
                                }
                              ],
                              "pkgpath": "",
                              "ctx": "Load"
                            }
                          },
                          "filename": "if-02.k",
                          "line": 5,
                          "column": 5,
                          "end_line": 5,
                          "end_column": 6
                        },
                        "op": {
                          "type": "Bin",
                          "data": "Add"
                        },
                        "right": {
                          "node": {
                            "type": "NumberLit",
                            "data": {
                              "binary_suffix": null,
                              "value": {
                                "type": "Int",
                                "data": 10
                              }
                            }
                          },
                          "filename": "if-02.k",
                          "line": 5,
                          "column": 9,
                          "end_line": 5,
                          "end_column": 11
                        }
                      }
                    },
                    "filename": "if-02.k",
                    "line": 5,
                    "column": 5,
                    "end_line": 5,
                    "end_column": 11
                  },
                  "orelse": [
                    {
                      "node": {
                        "type": "If",
                        "data": {
                          "body": [
                            {
                              "node": {
                                "type": "Assign",
                                "data": {
                                  "targets": [
                                    {
                                      "node": {
                                        "names": [
                                          {
                                            "node": "ddd",
                                            "filename": "if-02.k",
                                            "line": 8,
                                            "column": 4,
                                            "end_line": 8,
                                            "end_column": 7
                                          }
                                        ],
                                        "pkgpath": "",
                                        "ctx": "Store"
                                      },
                                      "filename": "if-02.k",
                                      "line": 8,
                                      "column": 4,
                                      "end_line": 8,
                                      "end_column": 7
                                    }
                                  ],
                                  "value": {
                                    "node": {
                                      "type": "NumberLit",
                                      "data": {
                                        "binary_suffix": null,
                                        "value": {
                                          "type": "Int",
                                          "data": 4
                                        }
                                      }
                                    },
                                    "filename": "if-02.k",
                                    "line": 8,
                                    "column": 10,
                                    "end_line": 8,
                                    "end_column": 11
                                  },
                                  "ty": null
                                }
                              },
                              "filename": "if-02.k",
                              "line": 8,
                              "column": 4,
                              "end_line": 8,
                              "end_column": 11
                            }
                          ],
                          "cond": {
                            "node": {
                              "type": "Binary",
                              "data": {
                                "left": {
                                  "node": {
                                    "type": "Identifier",
                                    "data": {
                                      "names": [
                                        {
                                          "node": "a",
                                          "filename": "if-02.k",
                                          "line": 7,
                                          "column": 5,
                                          "end_line": 7,
                                          "end_column": 6
                                        }
                                      ],
                                      "pkgpath": "",
                                      "ctx": "Load"
                                    }
                                  },
                                  "filename": "if-02.k",
                                  "line": 7,
                                  "column": 5,
                                  "end_line": 7,
                                  "end_column": 6
                                },
                                "op": {
                                  "type": "Bin",
                                  "data": "Add"
                                },
                                "right": {
                                  "node": {
                                    "type": "NumberLit",
                                    "data": {
                                      "binary_suffix": null,
                                      "value": {
                                        "type": "Int",
                                        "data": 100
                                      }
                                    }
                                  },
                                  "filename": "if-02.k",
                                  "line": 7,
                                  "column": 9,
                                  "end_line": 7,
                                  "end_column": 12
                                }
                              }
                            },
                            "filename": "if-02.k",
                            "line": 7,
                            "column": 5,
                            "end_line": 7,
                            "end_column": 12
                          },
                          "orelse": [
                            {
                              "node": {
                                "type": "Assign",
                                "data": {
                                  "targets": [
                                    {
                                      "node": {
                                        "names": [
                                          {
                                            "node": "eee",
                                            "filename": "if-02.k",
                                            "line": 10,
                                            "column": 4,
                                            "end_line": 10,
                                            "end_column": 7
                                          }
                                        ],
                                        "pkgpath": "",
                                        "ctx": "Store"
                                      },
                                      "filename": "if-02.k",
                                      "line": 10,
                                      "column": 4,
                                      "end_line": 10,
                                      "end_column": 7
                                    }
                                  ],
                                  "value": {
                                    "node": {
                                      "type": "NumberLit",
                                      "data": {
                                        "binary_suffix": null,
                                        "value": {
                                          "type": "Int",
                                          "data": 5
                                        }
                                      }
                                    },
                                    "filename": "if-02.k",
                                    "line": 10,
                                    "column": 10,
                                    "end_line": 10,
                                    "end_column": 11
                                  },
                                  "ty": null
                                }
                              },
                              "filename": "if-02.k",
                              "line": 10,
                              "column": 4,
                              "end_line": 10,
                              "end_column": 11
                            },
                            {
                              "node": {
                                "type": "Assign",
                                "data": {
                                  "targets": [
                                    {
                                      "node": {
                                        "names": [
                                          {
                                            "node": "fff",
                                            "filename": "if-02.k",
                                            "line": 11,
                                            "column": 4,
                                            "end_line": 11,
                                            "end_column": 7
                                          }
                                        ],
                                        "pkgpath": "",
                                        "ctx": "Store"
                                      },
                                      "filename": "if-02.k",
                                      "line": 11,
                                      "column": 4,
                                      "end_line": 11,
                                      "end_column": 7
                                    }
                                  ],
                                  "value": {
                                    "node": {
                                      "type": "NumberLit",
                                      "data": {
                                        "binary_suffix": null,
                                        "value": {
                                          "type": "Int",
                                          "data": 6
                                        }
                                      }
                                    },
                                    "filename": "if-02.k",
                                    "line": 11,
                                    "column": 10,
                                    "end_line": 11,
                                    "end_column": 11
                                  },
                                  "ty": null
                                }
                              },
                              "filename": "if-02.k",
                              "line": 11,
                              "column": 4,
                              "end_line": 11,
                              "end_column": 11
                            }
                          ]
                        }
                      },
                      "filename": "if-02.k",
                      "line": 7,
                      "column": 0,
                      "end_line": 11,
                      "end_column": 11
                    }
                  ]
                }
              },
              "filename": "if-02.k",
              "line": 5,
              "column": 0,
              "end_line": 11,
              "end_column": 11
            }
          ]
        }
      },
      "filename": "if-02.k",
      "line": 3,
      "column": 0,
      "end_line": 11,
      "end_column": 12
    }
  ],
  "comments": []
}
