---
source: parser/src/tests/error_recovery.rs
expression: "crate::tests::parsing_expr_string(r#\"{lambda{}\"#)"
---
Node {
    node: Config(
        ConfigExpr {
            items: [
                Node {
                    node: ConfigEntry {
                        key: Some(
                            Node {
                                node: Lambda(
                                    LambdaExpr {
                                        args: None,
                                        body: [],
                                        return_ty: None,
                                    },
                                ),
                                filename: "",
                                line: 1,
                                column: 1,
                                end_line: 1,
                                end_column: 9,
                            },
                        ),
                        value: Node {
                            node: Missing(
                                MissingExpr,
                            ),
                            filename: "",
                            line: 1,
                            column: 9,
                            end_line: 1,
                            end_column: 9,
                        },
                        operation: Override,
                    },
                    filename: "",
                    line: 1,
                    column: 1,
                    end_line: 1,
                    end_column: 9,
                },
            ],
        },
    ),
    filename: "",
    line: 1,
    column: 0,
    end_line: 1,
    end_column: 9,
}
