---
source: parser/src/tests/error_recovery.rs
assertion_line: 79
expression: "crate::tests::parsing_expr_string(r#\"a not is b\"#)"
---
Node {
    node: Identifier(
        Identifier {
            names: [
                "a",
            ],
            pos: [
                Node {
                    node: (),
                    filename: "",
                    line: 1,
                    column: 0,
                    end_line: 1,
                    end_column: 1,
                },
            ],
            pkgpath: "",
            ctx: Load,
        },
    ),
    filename: "",
    line: 1,
    column: 0,
    end_line: 1,
    end_column: 1,
}

