---
source: parser/src/tests/file.rs
assertion_line: 11
expression: "crate::tests::parsing_file_string(\"testdata/config_expr-02.k\")"
---
{
  "filename": "config_expr-02.k",
  "pkg": "__main__",
  "doc": null,
  "name": "__main__",
  "body": [
    {
      "node": {
        "type": "Assign",
        "data": {
          "targets": [
            {
              "node": {
                "names": [
                  {
                    "node": "config",
                    "filename": "config_expr-02.k",
                    "line": 1,
                    "column": 0,
                    "end_line": 1,
                    "end_column": 6
                  }
                ],
                "pkgpath": "",
                "ctx": "Store"
              },
              "filename": "config_expr-02.k",
              "line": 1,
              "column": 0,
              "end_line": 1,
              "end_column": 6
            }
          ],
          "value": {
            "node": {
              "type": "Config",
              "data": {
                "items": [
                  {
                    "node": {
                      "key": {
                        "node": {
                          "type": "Identifier",
                          "data": {
                            "names": [
                              {
                                "node": "k1",
                                "filename": "config_expr-02.k",
                                "line": 2,
                                "column": 4,
                                "end_line": 2,
                                "end_column": 6
                              }
                            ],
                            "pkgpath": "",
                            "ctx": "Load"
                          }
                        },
                        "filename": "config_expr-02.k",
                        "line": 2,
                        "column": 4,
                        "end_line": 2,
                        "end_column": 6
                      },
                      "value": {
                        "node": {
                          "type": "NumberLit",
                          "data": {
                            "binary_suffix": null,
                            "value": {
                              "type": "Int",
                              "data": 111
                            }
                          }
                        },
                        "filename": "config_expr-02.k",
                        "line": 2,
                        "column": 9,
                        "end_line": 2,
                        "end_column": 12
                      },
                      "operation": "Override",
                      "insert_index": -1
                    },
                    "filename": "config_expr-02.k",
                    "line": 2,
                    "column": 4,
                    "end_line": 2,
                    "end_column": 12
                  },
                  {
                    "node": {
                      "key": {
                        "node": {
                          "type": "Identifier",
                          "data": {
                            "names": [
                              {
                                "node": "k2",
                                "filename": "config_expr-02.k",
                                "line": 3,
                                "column": 4,
                                "end_line": 3,
                                "end_column": 6
                              }
                            ],
                            "pkgpath": "",
                            "ctx": "Load"
                          }
                        },
                        "filename": "config_expr-02.k",
                        "line": 3,
                        "column": 4,
                        "end_line": 3,
                        "end_column": 6
                      },
                      "value": {
                        "node": {
                          "type": "NumberLit",
                          "data": {
                            "binary_suffix": null,
                            "value": {
                              "type": "Int",
                              "data": 222
                            }
                          }
                        },
                        "filename": "config_expr-02.k",
                        "line": 3,
                        "column": 9,
                        "end_line": 3,
                        "end_column": 12
                      },
                      "operation": "Override",
                      "insert_index": -1
                    },
                    "filename": "config_expr-02.k",
                    "line": 3,
                    "column": 4,
                    "end_line": 3,
                    "end_column": 12
                  }
                ]
              }
            },
            "filename": "config_expr-02.k",
            "line": 1,
            "column": 9,
            "end_line": 4,
            "end_column": 1
          },
          "ty": null
        }
      },
      "filename": "config_expr-02.k",
      "line": 1,
      "column": 0,
      "end_line": 4,
      "end_column": 1
    }
  ],
  "comments": []
}
