---
source: query/src/tests.rs
expression: got_json
---
{
  "sha.data.a.b.c": [
    {
      "name": "c",
      "type_name": "",
      "op_sym": ":",
      "value": "2",
      "list_items": [],
      "dict_entries": []
    }
  ]
}
