failed to access the file 'not_exist.txt': No such file or directory