a:
- key1:
    key2:
    - 1
    - 0
- key3:
    key4:
    - 0
    - 1
