error[E2G22]: TypeError
 --> ${CWD}/main.k:1:1
  |
1 | _name: int = "Green"
  | ^ expected int, got str(Green)
  |