error[E3M38]: EvaluationError
 --> ${CWD}/main.k:2:1
  |
2 | b = "Hello World".index("Wrold")
  |  substring not found
  |