yamlStr: |
  key: value
data:
  key: value
dataList:
- key: value
