person0: |-
  {
      "_key": "value",
      "name": "Alice",
      "age": 18,
      "data": [
          1,
          2,
          null
      ],
      "labels": {
          "key1": "value1",
          "_key2": "value2",
          "key3": null
      }
  }
person1: |-
  {
      "name": "Alice",
      "age": 18,
      "data": [
          1,
          2,
          null
      ],
      "labels": {
          "key1": "value1",
          "key3": null
      }
  }
person2: |-
  {
      "_key": "value",
      "name": "Alice",
      "age": 18,
      "data": [
          1,
          2
      ],
      "labels": {
          "key1": "value1",
          "_key2": "value2"
      }
  }
person3: |-
  {
      "name": "Alice",
      "age": 18,
      "data": [
          1,
          2
      ],
      "labels": {
          "key1": "value1"
      }
  }
