error[E2G22]: TypeError
 --> ${CWD}/main.k:4:1
  |
4 | _name: List = [1.1]
  | ^ expected [str | int], got [float(1.1)]
  |