mkdir: failed to create directory 'test_dir': File exists

