error[E3M38]: EvaluationError
 --> ${CWD}/main.k:1:1
  |
1 | assert False
  | 
  |